[0.220s] DEBUG:colcon:Command line arguments: ['/usr/bin/colcon', 'build', '--symlink-install']
[0.220s] DEBUG:colcon:Parsed command line arguments: Namespace(log_base=None, log_level=None, verb_name='build', build_base='build', install_base='install', merge_install=False, symlink_install=True, test_result_base=None, continue_on_error=False, executor='parallel', parallel_workers=4, event_handlers=None, ignore_user_meta=False, metas=['./colcon.meta'], base_paths=['.'], packages_ignore=None, packages_ignore_regex=None, paths=None, packages_up_to=None, packages_up_to_regex=None, packages_above=None, packages_above_and_dependencies=None, packages_above_depth=None, packages_select_by_dep=None, packages_skip_by_dep=None, packages_skip_up_to=None, packages_select_build_failed=False, packages_skip_build_finished=False, packages_select_test_failures=False, packages_skip_test_passed=False, packages_select=None, packages_skip=None, packages_select_regex=None, packages_skip_regex=None, packages_start=None, packages_end=None, cmake_args=None, cmake_target=None, cmake_target_skip_unavailable=False, cmake_clean_cache=False, cmake_clean_first=False, cmake_force_configure=False, ament_cmake_args=None, catkin_cmake_args=None, catkin_skip_building_tests=False, verb_parser=<colcon_defaults.argument_parser.defaults.DefaultArgumentsDecorator object at 0x782a1b200a10>, verb_extension=<colcon_core.verb.build.BuildVerb object at 0x782a1b341910>, main=<bound method BuildVerb.main of <colcon_core.verb.build.BuildVerb object at 0x782a1b341910>>)
[0.330s] Level 1:colcon.colcon_core.package_discovery:discover_packages(colcon_meta) check parameters
[0.330s] Level 1:colcon.colcon_core.package_discovery:discover_packages(recursive) check parameters
[0.330s] Level 1:colcon.colcon_core.package_discovery:discover_packages(ignore) check parameters
[0.330s] Level 1:colcon.colcon_core.package_discovery:discover_packages(path) check parameters
[0.331s] Level 1:colcon.colcon_core.package_discovery:discover_packages(colcon_meta) discover
[0.331s] Level 1:colcon.colcon_core.package_discovery:discover_packages(recursive) discover
[0.331s] INFO:colcon.colcon_core.package_discovery:Crawling recursively for packages in '/home/vanand1/rover_sim'
[0.332s] Level 1:colcon.colcon_core.package_identification:_identify(.) by extensions ['ignore', 'ignore_ament_install']
[0.333s] Level 1:colcon.colcon_core.package_identification:_identify(.) by extension 'ignore'
[0.333s] Level 1:colcon.colcon_core.package_identification:_identify(.) by extension 'ignore_ament_install'
[0.334s] Level 1:colcon.colcon_core.package_identification:_identify(.) by extensions ['colcon_pkg']
[0.334s] Level 1:colcon.colcon_core.package_identification:_identify(.) by extension 'colcon_pkg'
[0.334s] Level 1:colcon.colcon_core.package_identification:_identify(.) by extensions ['colcon_meta']
[0.334s] Level 1:colcon.colcon_core.package_identification:_identify(.) by extension 'colcon_meta'
[0.334s] Level 1:colcon.colcon_core.package_identification:_identify(.) by extensions ['ros']
[0.334s] Level 1:colcon.colcon_core.package_identification:_identify(.) by extension 'ros'
[0.424s] Level 1:colcon.colcon_core.package_identification:_identify(.) by extensions ['cmake', 'python']
[0.424s] Level 1:colcon.colcon_core.package_identification:_identify(.) by extension 'cmake'
[0.424s] Level 1:colcon.colcon_core.package_identification:_identify(.) by extension 'python'
[0.425s] Level 1:colcon.colcon_core.package_identification:_identify(.) by extensions ['python_setup_py']
[0.425s] Level 1:colcon.colcon_core.package_identification:_identify(.) by extension 'python_setup_py'
[0.425s] Level 1:colcon.colcon_core.package_identification:_identify(build) by extensions ['ignore', 'ignore_ament_install']
[0.425s] Level 1:colcon.colcon_core.package_identification:_identify(build) by extension 'ignore'
[0.426s] Level 1:colcon.colcon_core.package_identification:_identify(build) ignored
[0.427s] Level 1:colcon.colcon_core.package_identification:_identify(install) by extensions ['ignore', 'ignore_ament_install']
[0.427s] Level 1:colcon.colcon_core.package_identification:_identify(install) by extension 'ignore'
[0.427s] Level 1:colcon.colcon_core.package_identification:_identify(install) ignored
[0.427s] Level 1:colcon.colcon_core.package_identification:_identify(log) by extensions ['ignore', 'ignore_ament_install']
[0.428s] Level 1:colcon.colcon_core.package_identification:_identify(log) by extension 'ignore'
[0.428s] Level 1:colcon.colcon_core.package_identification:_identify(log) ignored
[0.428s] Level 1:colcon.colcon_core.package_identification:_identify(src) by extensions ['ignore', 'ignore_ament_install']
[0.429s] Level 1:colcon.colcon_core.package_identification:_identify(src) by extension 'ignore'
[0.429s] Level 1:colcon.colcon_core.package_identification:_identify(src) by extension 'ignore_ament_install'
[0.429s] Level 1:colcon.colcon_core.package_identification:_identify(src) by extensions ['colcon_pkg']
[0.429s] Level 1:colcon.colcon_core.package_identification:_identify(src) by extension 'colcon_pkg'
[0.429s] Level 1:colcon.colcon_core.package_identification:_identify(src) by extensions ['colcon_meta']
[0.429s] Level 1:colcon.colcon_core.package_identification:_identify(src) by extension 'colcon_meta'
[0.429s] Level 1:colcon.colcon_core.package_identification:_identify(src) by extensions ['ros']
[0.429s] Level 1:colcon.colcon_core.package_identification:_identify(src) by extension 'ros'
[0.430s] Level 1:colcon.colcon_core.package_identification:_identify(src) by extensions ['cmake', 'python']
[0.430s] Level 1:colcon.colcon_core.package_identification:_identify(src) by extension 'cmake'
[0.431s] Level 1:colcon.colcon_core.package_identification:_identify(src) by extension 'python'
[0.431s] Level 1:colcon.colcon_core.package_identification:_identify(src) by extensions ['python_setup_py']
[0.431s] Level 1:colcon.colcon_core.package_identification:_identify(src) by extension 'python_setup_py'
[0.431s] Level 1:colcon.colcon_core.package_identification:_identify(src/waypoint_bot) by extensions ['ignore', 'ignore_ament_install']
[0.432s] Level 1:colcon.colcon_core.package_identification:_identify(src/waypoint_bot) by extension 'ignore'
[0.432s] Level 1:colcon.colcon_core.package_identification:_identify(src/waypoint_bot) by extension 'ignore_ament_install'
[0.432s] Level 1:colcon.colcon_core.package_identification:_identify(src/waypoint_bot) by extensions ['colcon_pkg']
[0.433s] Level 1:colcon.colcon_core.package_identification:_identify(src/waypoint_bot) by extension 'colcon_pkg'
[0.433s] Level 1:colcon.colcon_core.package_identification:_identify(src/waypoint_bot) by extensions ['colcon_meta']
[0.433s] Level 1:colcon.colcon_core.package_identification:_identify(src/waypoint_bot) by extension 'colcon_meta'
[0.433s] Level 1:colcon.colcon_core.package_identification:_identify(src/waypoint_bot) by extensions ['ros']
[0.434s] Level 1:colcon.colcon_core.package_identification:_identify(src/waypoint_bot) by extension 'ros'
[0.444s] DEBUG:colcon.colcon_core.package_identification:Package 'src/waypoint_bot' with type 'ros.ament_python' and name 'waypoint_bot'
[0.444s] Level 1:colcon.colcon_core.package_discovery:discover_packages(recursive) using defaults
[0.445s] Level 1:colcon.colcon_core.package_discovery:discover_packages(ignore) discover
[0.445s] Level 1:colcon.colcon_core.package_discovery:discover_packages(ignore) using defaults
[0.445s] Level 1:colcon.colcon_core.package_discovery:discover_packages(path) discover
[0.445s] Level 1:colcon.colcon_core.package_discovery:discover_packages(path) using defaults
[0.500s] Level 5:colcon.colcon_core.verb:set package 'waypoint_bot' build argument 'cmake_args' from command line to 'None'
[0.500s] Level 5:colcon.colcon_core.verb:set package 'waypoint_bot' build argument 'cmake_target' from command line to 'None'
[0.500s] Level 5:colcon.colcon_core.verb:set package 'waypoint_bot' build argument 'cmake_target_skip_unavailable' from command line to 'False'
[0.500s] Level 5:colcon.colcon_core.verb:set package 'waypoint_bot' build argument 'cmake_clean_cache' from command line to 'False'
[0.500s] Level 5:colcon.colcon_core.verb:set package 'waypoint_bot' build argument 'cmake_clean_first' from command line to 'False'
[0.501s] Level 5:colcon.colcon_core.verb:set package 'waypoint_bot' build argument 'cmake_force_configure' from command line to 'False'
[0.501s] Level 5:colcon.colcon_core.verb:set package 'waypoint_bot' build argument 'ament_cmake_args' from command line to 'None'
[0.501s] Level 5:colcon.colcon_core.verb:set package 'waypoint_bot' build argument 'catkin_cmake_args' from command line to 'None'
[0.501s] Level 5:colcon.colcon_core.verb:set package 'waypoint_bot' build argument 'catkin_skip_building_tests' from command line to 'False'
[0.501s] DEBUG:colcon.colcon_core.verb:Building package 'waypoint_bot' with the following arguments: {'ament_cmake_args': None, 'build_base': '/home/vanand1/rover_sim/build/waypoint_bot', 'catkin_cmake_args': None, 'catkin_skip_building_tests': False, 'cmake_args': None, 'cmake_clean_cache': False, 'cmake_clean_first': False, 'cmake_force_configure': False, 'cmake_target': None, 'cmake_target_skip_unavailable': False, 'install_base': '/home/vanand1/rover_sim/install/waypoint_bot', 'merge_install': False, 'path': '/home/vanand1/rover_sim/src/waypoint_bot', 'symlink_install': True, 'test_result_base': None}
[0.502s] INFO:colcon.colcon_core.executor:Executing jobs using 'parallel' executor
[0.506s] DEBUG:colcon.colcon_parallel_executor.executor.parallel:run_until_complete
[0.507s] INFO:colcon.colcon_ros.task.ament_python.build:Building ROS package in '/home/vanand1/rover_sim/src/waypoint_bot' with build type 'ament_python'
[0.507s] Level 1:colcon.colcon_core.shell:create_environment_hook('waypoint_bot', 'ament_prefix_path')
[0.518s] INFO:colcon.colcon_core.plugin_system:Skipping extension 'colcon_core.shell.bat': Not used on non-Windows systems
[0.518s] INFO:colcon.colcon_core.shell:Creating environment descriptor '/home/vanand1/rover_sim/install/waypoint_bot/share/waypoint_bot/hook/ament_prefix_path.dsv'
[0.521s] INFO:colcon.colcon_core.shell:Creating environment hook '/home/vanand1/rover_sim/install/waypoint_bot/share/waypoint_bot/hook/ament_prefix_path.sh'
[0.524s] DEBUG:colcon.colcon_core.shell:Skip shell extension 'dsv' for command environment
[0.911s] INFO:colcon.colcon_core.task.python.build:Building Python package in '/home/vanand1/rover_sim/src/waypoint_bot'
[0.912s] DEBUG:colcon.colcon_core.shell:Skip shell extension 'dsv' for command environment
[2.266s] DEBUG:colcon.colcon_core.task.python.build:Available setuptools commands: bdist, egg_info, install_scripts, install, easy_install, clean, update_catalog, test, build_ext, setopt, saveopts, upload_docs, sdist, rotate, build_clib, editable_wheel, install_headers, bdist_dumb, install_egg_info, bdist_egg, build_scripts, check, dist_info, install_data, register, build, build_py, extract_messages, bdist_rpm, symlink_data, compile_catalog, develop, init_catalog, install_lib, alias, upload
[2.689s] DEBUG:colcon.colcon_core.task.python.build:Available setuptools 'develop' options: --force-installation-into-system-dir, --record, --build-directory, --exclude-scripts, --editable, --no-deps, --local-snapshots-ok, --site-dirs, --quiet, --index-url, --no-user-cfg, --user, --allow-hosts, --no-find-links, --uninstall, --find-links, --install-layout, --always-unzip, --version, --help, --install-dir, --script-dir, --always-copy, --dry-run, --egg-path, --multi-version, --zip-ok, --optimize, --verbose, --upgrade, --prefix
[2.695s] DEBUG:colcon.colcon_core.event_handler.log_command:Invoking command in '/home/vanand1/rover_sim/build/waypoint_bot': DEBUGINFOD_URLS=https://debuginfod.ubuntu.com PYTHONPATH=/home/vanand1/rover_sim/build/waypoint_bot/prefix_override:/usr/lib/python3/dist-packages/colcon_core/task/python/colcon_distutils_commands:/home/vanand1/rover_sim/install/waypoint_bot/lib/python3.12/site-packages:${PYTHONPATH} /usr/bin/python3 -W ignore:setup.py install is deprecated -W ignore:easy_install command is deprecated setup.py develop --editable --build-directory /home/vanand1/rover_sim/build/waypoint_bot/build --no-deps symlink_data
[4.030s] Level 1:colcon.colcon_core.shell:create_environment_hook('waypoint_bot', 'pythonpath_develop')
[4.032s] DEBUG:colcon.colcon_core.event_handler.log_command:Invoked command in '/home/vanand1/rover_sim/build/waypoint_bot' returned '0': DEBUGINFOD_URLS=https://debuginfod.ubuntu.com PYTHONPATH=/home/vanand1/rover_sim/build/waypoint_bot/prefix_override:/usr/lib/python3/dist-packages/colcon_core/task/python/colcon_distutils_commands:/home/vanand1/rover_sim/install/waypoint_bot/lib/python3.12/site-packages:${PYTHONPATH} /usr/bin/python3 -W ignore:setup.py install is deprecated -W ignore:easy_install command is deprecated setup.py develop --editable --build-directory /home/vanand1/rover_sim/build/waypoint_bot/build --no-deps symlink_data
[4.033s] INFO:colcon.colcon_core.shell:Creating environment descriptor '/home/vanand1/rover_sim/build/waypoint_bot/share/waypoint_bot/hook/pythonpath_develop.dsv'
[4.038s] INFO:colcon.colcon_core.shell:Creating environment hook '/home/vanand1/rover_sim/build/waypoint_bot/share/waypoint_bot/hook/pythonpath_develop.sh'
[4.046s] Level 1:colcon.colcon_core.environment:checking '/home/vanand1/rover_sim/install/waypoint_bot' for CMake module files
[4.047s] Level 1:colcon.colcon_core.environment:checking '/home/vanand1/rover_sim/install/waypoint_bot' for CMake config files
[4.050s] Level 1:colcon.colcon_core.environment:checking '/home/vanand1/rover_sim/install/waypoint_bot/lib'
[4.051s] Level 1:colcon.colcon_core.environment:checking '/home/vanand1/rover_sim/install/waypoint_bot/bin'
[4.052s] Level 1:colcon.colcon_core.environment:checking '/home/vanand1/rover_sim/install/waypoint_bot/lib/pkgconfig/waypoint_bot.pc'
[4.053s] Level 1:colcon.colcon_core.environment:checking '/home/vanand1/rover_sim/install/waypoint_bot/lib/python3.12/site-packages'
[4.053s] Level 1:colcon.colcon_core.shell:create_environment_hook('waypoint_bot', 'pythonpath')
[4.055s] INFO:colcon.colcon_core.shell:Creating environment descriptor '/home/vanand1/rover_sim/install/waypoint_bot/share/waypoint_bot/hook/pythonpath.dsv'
[4.057s] INFO:colcon.colcon_core.shell:Creating environment hook '/home/vanand1/rover_sim/install/waypoint_bot/share/waypoint_bot/hook/pythonpath.sh'
[4.060s] Level 1:colcon.colcon_core.environment:checking '/home/vanand1/rover_sim/install/waypoint_bot/bin'
[4.060s] Level 1:colcon.colcon_core.environment:create_environment_scripts_only(waypoint_bot)
[4.061s] INFO:colcon.colcon_core.shell:Creating package descriptor '/home/vanand1/rover_sim/install/waypoint_bot/share/waypoint_bot/package.dsv'
[4.063s] INFO:colcon.colcon_core.shell:Creating package script '/home/vanand1/rover_sim/install/waypoint_bot/share/waypoint_bot/package.sh'
[4.066s] INFO:colcon.colcon_core.shell:Creating package script '/home/vanand1/rover_sim/install/waypoint_bot/share/waypoint_bot/package.bash'
[4.072s] INFO:colcon.colcon_core.shell:Creating package script '/home/vanand1/rover_sim/install/waypoint_bot/share/waypoint_bot/package.zsh'
[4.075s] Level 1:colcon.colcon_core.environment:create_file_with_runtime_dependencies(/home/vanand1/rover_sim/install/waypoint_bot/share/colcon-core/packages/waypoint_bot)
[4.077s] DEBUG:colcon.colcon_parallel_executor.executor.parallel:closing loop
[4.078s] DEBUG:colcon.colcon_parallel_executor.executor.parallel:loop closed
[4.082s] DEBUG:colcon.colcon_parallel_executor.executor.parallel:run_until_complete finished with '0'
[4.084s] DEBUG:colcon.colcon_core.event_reactor:joining thread
[4.111s] INFO:colcon.colcon_core.plugin_system:Skipping extension 'colcon_notification.desktop_notification.terminal_notifier': Not used on non-Darwin systems
[4.112s] INFO:colcon.colcon_core.plugin_system:Skipping extension 'colcon_notification.desktop_notification.win32': Not used on non-Windows systems
[4.112s] INFO:colcon.colcon_notification.desktop_notification:Sending desktop notification using 'notify2'
[4.163s] DEBUG:colcon.colcon_core.event_reactor:joined thread
[4.164s] INFO:colcon.colcon_core.shell:Creating prefix script '/home/vanand1/rover_sim/install/local_setup.sh'
[4.168s] INFO:colcon.colcon_core.shell:Creating prefix util module '/home/vanand1/rover_sim/install/_local_setup_util_sh.py'
[4.171s] INFO:colcon.colcon_core.shell:Creating prefix chain script '/home/vanand1/rover_sim/install/setup.sh'
[4.176s] INFO:colcon.colcon_core.shell:Creating prefix script '/home/vanand1/rover_sim/install/local_setup.bash'
[4.178s] INFO:colcon.colcon_core.shell:Creating prefix chain script '/home/vanand1/rover_sim/install/setup.bash'
[4.182s] INFO:colcon.colcon_core.shell:Creating prefix script '/home/vanand1/rover_sim/install/local_setup.zsh'
[4.185s] INFO:colcon.colcon_core.shell:Creating prefix chain script '/home/vanand1/rover_sim/install/setup.zsh'
