[0.160s] DEBUG:colcon:Command line arguments: ['/usr/bin/colcon', 'build', '--symlink-install']
[0.161s] DEBUG:colcon:Parsed command line arguments: Namespace(log_base=None, log_level=None, verb_name='build', build_base='build', install_base='install', merge_install=False, symlink_install=True, test_result_base=None, continue_on_error=False, executor='parallel', parallel_workers=4, event_handlers=None, ignore_user_meta=False, metas=['./colcon.meta'], base_paths=['.'], packages_ignore=None, packages_ignore_regex=None, paths=None, packages_up_to=None, packages_up_to_regex=None, packages_above=None, packages_above_and_dependencies=None, packages_above_depth=None, packages_select_by_dep=None, packages_skip_by_dep=None, packages_skip_up_to=None, packages_select_build_failed=False, packages_skip_build_finished=False, packages_select_test_failures=False, packages_skip_test_passed=False, packages_select=None, packages_skip=None, packages_select_regex=None, packages_skip_regex=None, packages_start=None, packages_end=None, cmake_args=None, cmake_target=None, cmake_target_skip_unavailable=False, cmake_clean_cache=False, cmake_clean_first=False, cmake_force_configure=False, ament_cmake_args=None, catkin_cmake_args=None, catkin_skip_building_tests=False, verb_parser=<colcon_defaults.argument_parser.defaults.DefaultArgumentsDecorator object at 0x7eadb25948f0>, verb_extension=<colcon_core.verb.build.BuildVerb object at 0x7eadb25410d0>, main=<bound method BuildVerb.main of <colcon_core.verb.build.BuildVerb object at 0x7eadb25410d0>>)
[0.249s] Level 1:colcon.colcon_core.package_discovery:discover_packages(colcon_meta) check parameters
[0.249s] Level 1:colcon.colcon_core.package_discovery:discover_packages(recursive) check parameters
[0.249s] Level 1:colcon.colcon_core.package_discovery:discover_packages(ignore) check parameters
[0.249s] Level 1:colcon.colcon_core.package_discovery:discover_packages(path) check parameters
[0.249s] Level 1:colcon.colcon_core.package_discovery:discover_packages(colcon_meta) discover
[0.251s] Level 1:colcon.colcon_core.package_discovery:discover_packages(recursive) discover
[0.252s] INFO:colcon.colcon_core.package_discovery:Crawling recursively for packages in '/home/vanand1/rover_sim'
[0.254s] Level 1:colcon.colcon_core.package_identification:_identify(.) by extensions ['ignore', 'ignore_ament_install']
[0.254s] Level 1:colcon.colcon_core.package_identification:_identify(.) by extension 'ignore'
[0.254s] Level 1:colcon.colcon_core.package_identification:_identify(.) by extension 'ignore_ament_install'
[0.254s] Level 1:colcon.colcon_core.package_identification:_identify(.) by extensions ['colcon_pkg']
[0.254s] Level 1:colcon.colcon_core.package_identification:_identify(.) by extension 'colcon_pkg'
[0.254s] Level 1:colcon.colcon_core.package_identification:_identify(.) by extensions ['colcon_meta']
[0.254s] Level 1:colcon.colcon_core.package_identification:_identify(.) by extension 'colcon_meta'
[0.254s] Level 1:colcon.colcon_core.package_identification:_identify(.) by extensions ['ros']
[0.254s] Level 1:colcon.colcon_core.package_identification:_identify(.) by extension 'ros'
[0.302s] Level 1:colcon.colcon_core.package_identification:_identify(.) by extensions ['cmake', 'python']
[0.302s] Level 1:colcon.colcon_core.package_identification:_identify(.) by extension 'cmake'
[0.303s] Level 1:colcon.colcon_core.package_identification:_identify(.) by extension 'python'
[0.303s] Level 1:colcon.colcon_core.package_identification:_identify(.) by extensions ['python_setup_py']
[0.304s] Level 1:colcon.colcon_core.package_identification:_identify(.) by extension 'python_setup_py'
[0.305s] Level 1:colcon.colcon_core.package_identification:_identify(build) by extensions ['ignore', 'ignore_ament_install']
[0.307s] Level 1:colcon.colcon_core.package_identification:_identify(build) by extension 'ignore'
[0.308s] Level 1:colcon.colcon_core.package_identification:_identify(build) ignored
[0.310s] Level 1:colcon.colcon_core.package_identification:_identify(install) by extensions ['ignore', 'ignore_ament_install']
[0.311s] Level 1:colcon.colcon_core.package_identification:_identify(install) by extension 'ignore'
[0.311s] Level 1:colcon.colcon_core.package_identification:_identify(install) ignored
[0.311s] Level 1:colcon.colcon_core.package_identification:_identify(log) by extensions ['ignore', 'ignore_ament_install']
[0.311s] Level 1:colcon.colcon_core.package_identification:_identify(log) by extension 'ignore'
[0.312s] Level 1:colcon.colcon_core.package_identification:_identify(log) ignored
[0.312s] Level 1:colcon.colcon_core.package_identification:_identify(src) by extensions ['ignore', 'ignore_ament_install']
[0.312s] Level 1:colcon.colcon_core.package_identification:_identify(src) by extension 'ignore'
[0.312s] Level 1:colcon.colcon_core.package_identification:_identify(src) by extension 'ignore_ament_install'
[0.313s] Level 1:colcon.colcon_core.package_identification:_identify(src) by extensions ['colcon_pkg']
[0.313s] Level 1:colcon.colcon_core.package_identification:_identify(src) by extension 'colcon_pkg'
[0.313s] Level 1:colcon.colcon_core.package_identification:_identify(src) by extensions ['colcon_meta']
[0.313s] Level 1:colcon.colcon_core.package_identification:_identify(src) by extension 'colcon_meta'
[0.313s] Level 1:colcon.colcon_core.package_identification:_identify(src) by extensions ['ros']
[0.313s] Level 1:colcon.colcon_core.package_identification:_identify(src) by extension 'ros'
[0.314s] Level 1:colcon.colcon_core.package_identification:_identify(src) by extensions ['cmake', 'python']
[0.314s] Level 1:colcon.colcon_core.package_identification:_identify(src) by extension 'cmake'
[0.314s] Level 1:colcon.colcon_core.package_identification:_identify(src) by extension 'python'
[0.314s] Level 1:colcon.colcon_core.package_identification:_identify(src) by extensions ['python_setup_py']
[0.314s] Level 1:colcon.colcon_core.package_identification:_identify(src) by extension 'python_setup_py'
[0.314s] Level 1:colcon.colcon_core.package_identification:_identify(src/waypoint_bot) by extensions ['ignore', 'ignore_ament_install']
[0.314s] Level 1:colcon.colcon_core.package_identification:_identify(src/waypoint_bot) by extension 'ignore'
[0.315s] Level 1:colcon.colcon_core.package_identification:_identify(src/waypoint_bot) by extension 'ignore_ament_install'
[0.315s] Level 1:colcon.colcon_core.package_identification:_identify(src/waypoint_bot) by extensions ['colcon_pkg']
[0.315s] Level 1:colcon.colcon_core.package_identification:_identify(src/waypoint_bot) by extension 'colcon_pkg'
[0.315s] Level 1:colcon.colcon_core.package_identification:_identify(src/waypoint_bot) by extensions ['colcon_meta']
[0.315s] Level 1:colcon.colcon_core.package_identification:_identify(src/waypoint_bot) by extension 'colcon_meta'
[0.316s] Level 1:colcon.colcon_core.package_identification:_identify(src/waypoint_bot) by extensions ['ros']
[0.316s] Level 1:colcon.colcon_core.package_identification:_identify(src/waypoint_bot) by extension 'ros'
[0.324s] DEBUG:colcon.colcon_core.package_identification:Package 'src/waypoint_bot' with type 'ros.ament_python' and name 'waypoint_bot'
[0.324s] Level 1:colcon.colcon_core.package_discovery:discover_packages(recursive) using defaults
[0.324s] Level 1:colcon.colcon_core.package_discovery:discover_packages(ignore) discover
[0.324s] Level 1:colcon.colcon_core.package_discovery:discover_packages(ignore) using defaults
[0.324s] Level 1:colcon.colcon_core.package_discovery:discover_packages(path) discover
[0.324s] Level 1:colcon.colcon_core.package_discovery:discover_packages(path) using defaults
[0.369s] Level 5:colcon.colcon_core.verb:set package 'waypoint_bot' build argument 'cmake_args' from command line to 'None'
[0.369s] Level 5:colcon.colcon_core.verb:set package 'waypoint_bot' build argument 'cmake_target' from command line to 'None'
[0.369s] Level 5:colcon.colcon_core.verb:set package 'waypoint_bot' build argument 'cmake_target_skip_unavailable' from command line to 'False'
[0.369s] Level 5:colcon.colcon_core.verb:set package 'waypoint_bot' build argument 'cmake_clean_cache' from command line to 'False'
[0.369s] Level 5:colcon.colcon_core.verb:set package 'waypoint_bot' build argument 'cmake_clean_first' from command line to 'False'
[0.369s] Level 5:colcon.colcon_core.verb:set package 'waypoint_bot' build argument 'cmake_force_configure' from command line to 'False'
[0.369s] Level 5:colcon.colcon_core.verb:set package 'waypoint_bot' build argument 'ament_cmake_args' from command line to 'None'
[0.369s] Level 5:colcon.colcon_core.verb:set package 'waypoint_bot' build argument 'catkin_cmake_args' from command line to 'None'
[0.370s] Level 5:colcon.colcon_core.verb:set package 'waypoint_bot' build argument 'catkin_skip_building_tests' from command line to 'False'
[0.370s] DEBUG:colcon.colcon_core.verb:Building package 'waypoint_bot' with the following arguments: {'ament_cmake_args': None, 'build_base': '/home/vanand1/rover_sim/build/waypoint_bot', 'catkin_cmake_args': None, 'catkin_skip_building_tests': False, 'cmake_args': None, 'cmake_clean_cache': False, 'cmake_clean_first': False, 'cmake_force_configure': False, 'cmake_target': None, 'cmake_target_skip_unavailable': False, 'install_base': '/home/vanand1/rover_sim/install/waypoint_bot', 'merge_install': False, 'path': '/home/vanand1/rover_sim/src/waypoint_bot', 'symlink_install': True, 'test_result_base': None}
[0.371s] INFO:colcon.colcon_core.executor:Executing jobs using 'parallel' executor
[0.374s] DEBUG:colcon.colcon_parallel_executor.executor.parallel:run_until_complete
[0.375s] INFO:colcon.colcon_ros.task.ament_python.build:Building ROS package in '/home/vanand1/rover_sim/src/waypoint_bot' with build type 'ament_python'
[0.375s] Level 1:colcon.colcon_core.shell:create_environment_hook('waypoint_bot', 'ament_prefix_path')
[0.380s] INFO:colcon.colcon_core.plugin_system:Skipping extension 'colcon_core.shell.bat': Not used on non-Windows systems
[0.381s] INFO:colcon.colcon_core.shell:Creating environment descriptor '/home/vanand1/rover_sim/install/waypoint_bot/share/waypoint_bot/hook/ament_prefix_path.dsv'
[0.385s] INFO:colcon.colcon_core.shell:Creating environment hook '/home/vanand1/rover_sim/install/waypoint_bot/share/waypoint_bot/hook/ament_prefix_path.sh'
[0.388s] DEBUG:colcon.colcon_core.shell:Skip shell extension 'dsv' for command environment
[0.920s] INFO:colcon.colcon_core.task.python.build:Building Python package in '/home/vanand1/rover_sim/src/waypoint_bot'
[0.922s] DEBUG:colcon.colcon_core.shell:Skip shell extension 'dsv' for command environment
[2.171s] DEBUG:colcon.colcon_core.task.python.build:Available setuptools commands: build_ext, setopt, bdist_egg, alias, update_catalog, editable_wheel, build_scripts, build_py, bdist_rpm, dist_info, install_lib, install_headers, sdist, build_clib, upload, egg_info, build, bdist_dumb, register, develop, upload_docs, rotate, extract_messages, install_egg_info, easy_install, compile_catalog, bdist, install_scripts, install, install_data, saveopts, test, init_catalog, check, clean, symlink_data
[2.754s] DEBUG:colcon.colcon_core.task.python.build:Available setuptools 'develop' options: --exclude-scripts, --install-layout, --zip-ok, --no-find-links, --always-copy, --version, --install-dir, --site-dirs, --prefix, --find-links, --local-snapshots-ok, --allow-hosts, --index-url, --egg-path, --record, --uninstall, --force-installation-into-system-dir, --multi-version, --upgrade, --always-unzip, --optimize, --editable, --no-user-cfg, --dry-run, --quiet, --no-deps, --help, --script-dir, --user, --build-directory, --verbose
[2.771s] DEBUG:colcon.colcon_core.event_handler.log_command:Invoking command in '/home/vanand1/rover_sim/build/waypoint_bot': DEBUGINFOD_URLS=https://debuginfod.ubuntu.com PYTHONPATH=/home/vanand1/rover_sim/build/waypoint_bot/prefix_override:/usr/lib/python3/dist-packages/colcon_core/task/python/colcon_distutils_commands:/home/vanand1/rover_sim/install/waypoint_bot/lib/python3.12/site-packages:${PYTHONPATH} /usr/bin/python3 -W ignore:setup.py install is deprecated -W ignore:easy_install command is deprecated setup.py develop --editable --build-directory /home/vanand1/rover_sim/build/waypoint_bot/build --no-deps symlink_data
[4.043s] Level 1:colcon.colcon_core.shell:create_environment_hook('waypoint_bot', 'pythonpath_develop')
[4.048s] INFO:colcon.colcon_core.shell:Creating environment descriptor '/home/vanand1/rover_sim/build/waypoint_bot/share/waypoint_bot/hook/pythonpath_develop.dsv'
[4.049s] DEBUG:colcon.colcon_core.event_handler.log_command:Invoked command in '/home/vanand1/rover_sim/build/waypoint_bot' returned '0': DEBUGINFOD_URLS=https://debuginfod.ubuntu.com PYTHONPATH=/home/vanand1/rover_sim/build/waypoint_bot/prefix_override:/usr/lib/python3/dist-packages/colcon_core/task/python/colcon_distutils_commands:/home/vanand1/rover_sim/install/waypoint_bot/lib/python3.12/site-packages:${PYTHONPATH} /usr/bin/python3 -W ignore:setup.py install is deprecated -W ignore:easy_install command is deprecated setup.py develop --editable --build-directory /home/vanand1/rover_sim/build/waypoint_bot/build --no-deps symlink_data
[4.053s] INFO:colcon.colcon_core.shell:Creating environment hook '/home/vanand1/rover_sim/build/waypoint_bot/share/waypoint_bot/hook/pythonpath_develop.sh'
[4.062s] Level 1:colcon.colcon_core.environment:checking '/home/vanand1/rover_sim/install/waypoint_bot' for CMake module files
[4.064s] Level 1:colcon.colcon_core.environment:checking '/home/vanand1/rover_sim/install/waypoint_bot' for CMake config files
[4.065s] Level 1:colcon.colcon_core.environment:checking '/home/vanand1/rover_sim/install/waypoint_bot/lib'
[4.066s] Level 1:colcon.colcon_core.environment:checking '/home/vanand1/rover_sim/install/waypoint_bot/bin'
[4.066s] Level 1:colcon.colcon_core.environment:checking '/home/vanand1/rover_sim/install/waypoint_bot/lib/pkgconfig/waypoint_bot.pc'
[4.067s] Level 1:colcon.colcon_core.environment:checking '/home/vanand1/rover_sim/install/waypoint_bot/lib/python3.12/site-packages'
[4.067s] Level 1:colcon.colcon_core.shell:create_environment_hook('waypoint_bot', 'pythonpath')
[4.068s] INFO:colcon.colcon_core.shell:Creating environment descriptor '/home/vanand1/rover_sim/install/waypoint_bot/share/waypoint_bot/hook/pythonpath.dsv'
[4.070s] INFO:colcon.colcon_core.shell:Creating environment hook '/home/vanand1/rover_sim/install/waypoint_bot/share/waypoint_bot/hook/pythonpath.sh'
[4.075s] Level 1:colcon.colcon_core.environment:checking '/home/vanand1/rover_sim/install/waypoint_bot/bin'
[4.075s] Level 1:colcon.colcon_core.environment:create_environment_scripts_only(waypoint_bot)
[4.076s] INFO:colcon.colcon_core.shell:Creating package descriptor '/home/vanand1/rover_sim/install/waypoint_bot/share/waypoint_bot/package.dsv'
[4.078s] INFO:colcon.colcon_core.shell:Creating package script '/home/vanand1/rover_sim/install/waypoint_bot/share/waypoint_bot/package.sh'
[4.082s] INFO:colcon.colcon_core.shell:Creating package script '/home/vanand1/rover_sim/install/waypoint_bot/share/waypoint_bot/package.bash'
[4.087s] INFO:colcon.colcon_core.shell:Creating package script '/home/vanand1/rover_sim/install/waypoint_bot/share/waypoint_bot/package.zsh'
[4.090s] Level 1:colcon.colcon_core.environment:create_file_with_runtime_dependencies(/home/vanand1/rover_sim/install/waypoint_bot/share/colcon-core/packages/waypoint_bot)
[4.095s] DEBUG:colcon.colcon_parallel_executor.executor.parallel:closing loop
[4.096s] DEBUG:colcon.colcon_parallel_executor.executor.parallel:loop closed
[4.097s] DEBUG:colcon.colcon_parallel_executor.executor.parallel:run_until_complete finished with '0'
[4.100s] DEBUG:colcon.colcon_core.event_reactor:joining thread
[4.120s] INFO:colcon.colcon_core.plugin_system:Skipping extension 'colcon_notification.desktop_notification.terminal_notifier': Not used on non-Darwin systems
[4.120s] INFO:colcon.colcon_core.plugin_system:Skipping extension 'colcon_notification.desktop_notification.win32': Not used on non-Windows systems
[4.120s] INFO:colcon.colcon_notification.desktop_notification:Sending desktop notification using 'notify2'
[4.165s] DEBUG:colcon.colcon_core.event_reactor:joined thread
[4.166s] INFO:colcon.colcon_core.shell:Creating prefix script '/home/vanand1/rover_sim/install/local_setup.sh'
[4.168s] INFO:colcon.colcon_core.shell:Creating prefix util module '/home/vanand1/rover_sim/install/_local_setup_util_sh.py'
[4.174s] INFO:colcon.colcon_core.shell:Creating prefix chain script '/home/vanand1/rover_sim/install/setup.sh'
[4.178s] INFO:colcon.colcon_core.shell:Creating prefix script '/home/vanand1/rover_sim/install/local_setup.bash'
[4.180s] INFO:colcon.colcon_core.shell:Creating prefix chain script '/home/vanand1/rover_sim/install/setup.bash'
[4.185s] INFO:colcon.colcon_core.shell:Creating prefix script '/home/vanand1/rover_sim/install/local_setup.zsh'
[4.188s] INFO:colcon.colcon_core.shell:Creating prefix chain script '/home/vanand1/rover_sim/install/setup.zsh'
