[0.214s] DEBUG:colcon:Command line arguments: ['/usr/bin/colcon', 'build', '--symlink-install']
[0.215s] DEBUG:colcon:Parsed command line arguments: Namespace(log_base=None, log_level=None, verb_name='build', build_base='build', install_base='install', merge_install=False, symlink_install=True, test_result_base=None, continue_on_error=False, executor='parallel', parallel_workers=4, event_handlers=None, ignore_user_meta=False, metas=['./colcon.meta'], base_paths=['.'], packages_ignore=None, packages_ignore_regex=None, paths=None, packages_up_to=None, packages_up_to_regex=None, packages_above=None, packages_above_and_dependencies=None, packages_above_depth=None, packages_select_by_dep=None, packages_skip_by_dep=None, packages_skip_up_to=None, packages_select_build_failed=False, packages_skip_build_finished=False, packages_select_test_failures=False, packages_skip_test_passed=False, packages_select=None, packages_skip=None, packages_select_regex=None, packages_skip_regex=None, packages_start=None, packages_end=None, cmake_args=None, cmake_target=None, cmake_target_skip_unavailable=False, cmake_clean_cache=False, cmake_clean_first=False, cmake_force_configure=False, ament_cmake_args=None, catkin_cmake_args=None, catkin_skip_building_tests=False, verb_parser=<colcon_defaults.argument_parser.defaults.DefaultArgumentsDecorator object at 0x7061a3b008c0>, verb_extension=<colcon_core.verb.build.BuildVerb object at 0x7061a3c40230>, main=<bound method BuildVerb.main of <colcon_core.verb.build.BuildVerb object at 0x7061a3c40230>>)
[0.308s] Level 1:colcon.colcon_core.package_discovery:discover_packages(colcon_meta) check parameters
[0.309s] Level 1:colcon.colcon_core.package_discovery:discover_packages(recursive) check parameters
[0.309s] Level 1:colcon.colcon_core.package_discovery:discover_packages(ignore) check parameters
[0.309s] Level 1:colcon.colcon_core.package_discovery:discover_packages(path) check parameters
[0.309s] Level 1:colcon.colcon_core.package_discovery:discover_packages(colcon_meta) discover
[0.309s] Level 1:colcon.colcon_core.package_discovery:discover_packages(recursive) discover
[0.310s] INFO:colcon.colcon_core.package_discovery:Crawling recursively for packages in '/home/vanand1/rover_sim'
[0.310s] Level 1:colcon.colcon_core.package_identification:_identify(.) by extensions ['ignore', 'ignore_ament_install']
[0.311s] Level 1:colcon.colcon_core.package_identification:_identify(.) by extension 'ignore'
[0.311s] Level 1:colcon.colcon_core.package_identification:_identify(.) by extension 'ignore_ament_install'
[0.312s] Level 1:colcon.colcon_core.package_identification:_identify(.) by extensions ['colcon_pkg']
[0.312s] Level 1:colcon.colcon_core.package_identification:_identify(.) by extension 'colcon_pkg'
[0.312s] Level 1:colcon.colcon_core.package_identification:_identify(.) by extensions ['colcon_meta']
[0.312s] Level 1:colcon.colcon_core.package_identification:_identify(.) by extension 'colcon_meta'
[0.312s] Level 1:colcon.colcon_core.package_identification:_identify(.) by extensions ['ros']
[0.312s] Level 1:colcon.colcon_core.package_identification:_identify(.) by extension 'ros'
[0.367s] Level 1:colcon.colcon_core.package_identification:_identify(.) by extensions ['cmake', 'python']
[0.368s] Level 1:colcon.colcon_core.package_identification:_identify(.) by extension 'cmake'
[0.368s] Level 1:colcon.colcon_core.package_identification:_identify(.) by extension 'python'
[0.368s] Level 1:colcon.colcon_core.package_identification:_identify(.) by extensions ['python_setup_py']
[0.368s] Level 1:colcon.colcon_core.package_identification:_identify(.) by extension 'python_setup_py'
[0.368s] Level 1:colcon.colcon_core.package_identification:_identify(build) by extensions ['ignore', 'ignore_ament_install']
[0.368s] Level 1:colcon.colcon_core.package_identification:_identify(build) by extension 'ignore'
[0.369s] Level 1:colcon.colcon_core.package_identification:_identify(build) ignored
[0.369s] Level 1:colcon.colcon_core.package_identification:_identify(install) by extensions ['ignore', 'ignore_ament_install']
[0.370s] Level 1:colcon.colcon_core.package_identification:_identify(install) by extension 'ignore'
[0.370s] Level 1:colcon.colcon_core.package_identification:_identify(install) ignored
[0.371s] Level 1:colcon.colcon_core.package_identification:_identify(log) by extensions ['ignore', 'ignore_ament_install']
[0.371s] Level 1:colcon.colcon_core.package_identification:_identify(log) by extension 'ignore'
[0.371s] Level 1:colcon.colcon_core.package_identification:_identify(log) ignored
[0.371s] Level 1:colcon.colcon_core.package_identification:_identify(src) by extensions ['ignore', 'ignore_ament_install']
[0.371s] Level 1:colcon.colcon_core.package_identification:_identify(src) by extension 'ignore'
[0.372s] Level 1:colcon.colcon_core.package_identification:_identify(src) by extension 'ignore_ament_install'
[0.372s] Level 1:colcon.colcon_core.package_identification:_identify(src) by extensions ['colcon_pkg']
[0.372s] Level 1:colcon.colcon_core.package_identification:_identify(src) by extension 'colcon_pkg'
[0.372s] Level 1:colcon.colcon_core.package_identification:_identify(src) by extensions ['colcon_meta']
[0.372s] Level 1:colcon.colcon_core.package_identification:_identify(src) by extension 'colcon_meta'
[0.372s] Level 1:colcon.colcon_core.package_identification:_identify(src) by extensions ['ros']
[0.372s] Level 1:colcon.colcon_core.package_identification:_identify(src) by extension 'ros'
[0.372s] Level 1:colcon.colcon_core.package_identification:_identify(src) by extensions ['cmake', 'python']
[0.373s] Level 1:colcon.colcon_core.package_identification:_identify(src) by extension 'cmake'
[0.373s] Level 1:colcon.colcon_core.package_identification:_identify(src) by extension 'python'
[0.373s] Level 1:colcon.colcon_core.package_identification:_identify(src) by extensions ['python_setup_py']
[0.373s] Level 1:colcon.colcon_core.package_identification:_identify(src) by extension 'python_setup_py'
[0.373s] Level 1:colcon.colcon_core.package_identification:_identify(src/waypoint_bot) by extensions ['ignore', 'ignore_ament_install']
[0.374s] Level 1:colcon.colcon_core.package_identification:_identify(src/waypoint_bot) by extension 'ignore'
[0.374s] Level 1:colcon.colcon_core.package_identification:_identify(src/waypoint_bot) by extension 'ignore_ament_install'
[0.374s] Level 1:colcon.colcon_core.package_identification:_identify(src/waypoint_bot) by extensions ['colcon_pkg']
[0.374s] Level 1:colcon.colcon_core.package_identification:_identify(src/waypoint_bot) by extension 'colcon_pkg'
[0.374s] Level 1:colcon.colcon_core.package_identification:_identify(src/waypoint_bot) by extensions ['colcon_meta']
[0.374s] Level 1:colcon.colcon_core.package_identification:_identify(src/waypoint_bot) by extension 'colcon_meta'
[0.375s] Level 1:colcon.colcon_core.package_identification:_identify(src/waypoint_bot) by extensions ['ros']
[0.375s] Level 1:colcon.colcon_core.package_identification:_identify(src/waypoint_bot) by extension 'ros'
[0.381s] DEBUG:colcon.colcon_core.package_identification:Package 'src/waypoint_bot' with type 'ros.ament_python' and name 'waypoint_bot'
[0.381s] Level 1:colcon.colcon_core.package_discovery:discover_packages(recursive) using defaults
[0.381s] Level 1:colcon.colcon_core.package_discovery:discover_packages(ignore) discover
[0.381s] Level 1:colcon.colcon_core.package_discovery:discover_packages(ignore) using defaults
[0.381s] Level 1:colcon.colcon_core.package_discovery:discover_packages(path) discover
[0.381s] Level 1:colcon.colcon_core.package_discovery:discover_packages(path) using defaults
[0.425s] Level 5:colcon.colcon_core.verb:set package 'waypoint_bot' build argument 'cmake_args' from command line to 'None'
[0.425s] Level 5:colcon.colcon_core.verb:set package 'waypoint_bot' build argument 'cmake_target' from command line to 'None'
[0.425s] Level 5:colcon.colcon_core.verb:set package 'waypoint_bot' build argument 'cmake_target_skip_unavailable' from command line to 'False'
[0.425s] Level 5:colcon.colcon_core.verb:set package 'waypoint_bot' build argument 'cmake_clean_cache' from command line to 'False'
[0.425s] Level 5:colcon.colcon_core.verb:set package 'waypoint_bot' build argument 'cmake_clean_first' from command line to 'False'
[0.425s] Level 5:colcon.colcon_core.verb:set package 'waypoint_bot' build argument 'cmake_force_configure' from command line to 'False'
[0.425s] Level 5:colcon.colcon_core.verb:set package 'waypoint_bot' build argument 'ament_cmake_args' from command line to 'None'
[0.426s] Level 5:colcon.colcon_core.verb:set package 'waypoint_bot' build argument 'catkin_cmake_args' from command line to 'None'
[0.426s] Level 5:colcon.colcon_core.verb:set package 'waypoint_bot' build argument 'catkin_skip_building_tests' from command line to 'False'
[0.427s] DEBUG:colcon.colcon_core.verb:Building package 'waypoint_bot' with the following arguments: {'ament_cmake_args': None, 'build_base': '/home/vanand1/rover_sim/build/waypoint_bot', 'catkin_cmake_args': None, 'catkin_skip_building_tests': False, 'cmake_args': None, 'cmake_clean_cache': False, 'cmake_clean_first': False, 'cmake_force_configure': False, 'cmake_target': None, 'cmake_target_skip_unavailable': False, 'install_base': '/home/vanand1/rover_sim/install/waypoint_bot', 'merge_install': False, 'path': '/home/vanand1/rover_sim/src/waypoint_bot', 'symlink_install': True, 'test_result_base': None}
[0.428s] INFO:colcon.colcon_core.executor:Executing jobs using 'parallel' executor
[0.431s] DEBUG:colcon.colcon_parallel_executor.executor.parallel:run_until_complete
[0.433s] INFO:colcon.colcon_ros.task.ament_python.build:Building ROS package in '/home/vanand1/rover_sim/src/waypoint_bot' with build type 'ament_python'
[0.434s] Level 1:colcon.colcon_core.shell:create_environment_hook('waypoint_bot', 'ament_prefix_path')
[0.441s] INFO:colcon.colcon_core.plugin_system:Skipping extension 'colcon_core.shell.bat': Not used on non-Windows systems
[0.441s] INFO:colcon.colcon_core.shell:Creating environment descriptor '/home/vanand1/rover_sim/install/waypoint_bot/share/waypoint_bot/hook/ament_prefix_path.dsv'
[0.443s] INFO:colcon.colcon_core.shell:Creating environment hook '/home/vanand1/rover_sim/install/waypoint_bot/share/waypoint_bot/hook/ament_prefix_path.sh'
[0.446s] DEBUG:colcon.colcon_core.shell:Skip shell extension 'dsv' for command environment
[1.052s] INFO:colcon.colcon_core.task.python.build:Building Python package in '/home/vanand1/rover_sim/src/waypoint_bot'
[1.053s] DEBUG:colcon.colcon_core.shell:Skip shell extension 'dsv' for command environment
[3.908s] DEBUG:colcon.colcon_core.task.python.build:Available setuptools commands: bdist_dumb, egg_info, init_catalog, bdist_rpm, bdist, saveopts, update_catalog, upload_docs, build_scripts, build, install, symlink_data, build_ext, install_headers, editable_wheel, develop, clean, install_scripts, register, build_py, setopt, sdist, build_clib, alias, extract_messages, check, compile_catalog, dist_info, install_lib, upload, rotate, test, easy_install, bdist_egg, install_data, install_egg_info
[4.954s] DEBUG:colcon.colcon_core.task.python.build:Available setuptools 'develop' options: --index-url, --no-deps, --no-user-cfg, --editable, --version, --record, --dry-run, --user, --zip-ok, --find-links, --exclude-scripts, --always-copy, --build-directory, --optimize, --allow-hosts, --prefix, --upgrade, --verbose, --always-unzip, --quiet, --multi-version, --site-dirs, --uninstall, --local-snapshots-ok, --script-dir, --egg-path, --force-installation-into-system-dir, --no-find-links, --help, --install-dir, --install-layout
[4.977s] DEBUG:colcon.colcon_core.event_handler.log_command:Invoking command in '/home/vanand1/rover_sim/build/waypoint_bot': DEBUGINFOD_URLS=https://debuginfod.ubuntu.com PYTHONPATH=/home/vanand1/rover_sim/build/waypoint_bot/prefix_override:/usr/lib/python3/dist-packages/colcon_core/task/python/colcon_distutils_commands:/home/vanand1/rover_sim/install/waypoint_bot/lib/python3.12/site-packages:${PYTHONPATH} /usr/bin/python3 -W ignore:setup.py install is deprecated -W ignore:easy_install command is deprecated setup.py develop --editable --build-directory /home/vanand1/rover_sim/build/waypoint_bot/build --no-deps symlink_data
[6.258s] Level 1:colcon.colcon_core.shell:create_environment_hook('waypoint_bot', 'pythonpath_develop')
[6.259s] DEBUG:colcon.colcon_core.event_handler.log_command:Invoked command in '/home/vanand1/rover_sim/build/waypoint_bot' returned '0': DEBUGINFOD_URLS=https://debuginfod.ubuntu.com PYTHONPATH=/home/vanand1/rover_sim/build/waypoint_bot/prefix_override:/usr/lib/python3/dist-packages/colcon_core/task/python/colcon_distutils_commands:/home/vanand1/rover_sim/install/waypoint_bot/lib/python3.12/site-packages:${PYTHONPATH} /usr/bin/python3 -W ignore:setup.py install is deprecated -W ignore:easy_install command is deprecated setup.py develop --editable --build-directory /home/vanand1/rover_sim/build/waypoint_bot/build --no-deps symlink_data
[6.260s] INFO:colcon.colcon_core.shell:Creating environment descriptor '/home/vanand1/rover_sim/build/waypoint_bot/share/waypoint_bot/hook/pythonpath_develop.dsv'
[6.264s] INFO:colcon.colcon_core.shell:Creating environment hook '/home/vanand1/rover_sim/build/waypoint_bot/share/waypoint_bot/hook/pythonpath_develop.sh'
[6.273s] Level 1:colcon.colcon_core.environment:checking '/home/vanand1/rover_sim/install/waypoint_bot' for CMake module files
[6.275s] Level 1:colcon.colcon_core.environment:checking '/home/vanand1/rover_sim/install/waypoint_bot' for CMake config files
[6.277s] Level 1:colcon.colcon_core.environment:checking '/home/vanand1/rover_sim/install/waypoint_bot/lib'
[6.277s] Level 1:colcon.colcon_core.environment:checking '/home/vanand1/rover_sim/install/waypoint_bot/bin'
[6.278s] Level 1:colcon.colcon_core.environment:checking '/home/vanand1/rover_sim/install/waypoint_bot/lib/pkgconfig/waypoint_bot.pc'
[6.279s] Level 1:colcon.colcon_core.environment:checking '/home/vanand1/rover_sim/install/waypoint_bot/lib/python3.12/site-packages'
[6.279s] Level 1:colcon.colcon_core.shell:create_environment_hook('waypoint_bot', 'pythonpath')
[6.279s] INFO:colcon.colcon_core.shell:Creating environment descriptor '/home/vanand1/rover_sim/install/waypoint_bot/share/waypoint_bot/hook/pythonpath.dsv'
[6.281s] INFO:colcon.colcon_core.shell:Creating environment hook '/home/vanand1/rover_sim/install/waypoint_bot/share/waypoint_bot/hook/pythonpath.sh'
[6.285s] Level 1:colcon.colcon_core.environment:checking '/home/vanand1/rover_sim/install/waypoint_bot/bin'
[6.286s] Level 1:colcon.colcon_core.environment:create_environment_scripts_only(waypoint_bot)
[6.287s] INFO:colcon.colcon_core.shell:Creating package descriptor '/home/vanand1/rover_sim/install/waypoint_bot/share/waypoint_bot/package.dsv'
[6.289s] INFO:colcon.colcon_core.shell:Creating package script '/home/vanand1/rover_sim/install/waypoint_bot/share/waypoint_bot/package.sh'
[6.294s] INFO:colcon.colcon_core.shell:Creating package script '/home/vanand1/rover_sim/install/waypoint_bot/share/waypoint_bot/package.bash'
[6.299s] INFO:colcon.colcon_core.shell:Creating package script '/home/vanand1/rover_sim/install/waypoint_bot/share/waypoint_bot/package.zsh'
[6.303s] Level 1:colcon.colcon_core.environment:create_file_with_runtime_dependencies(/home/vanand1/rover_sim/install/waypoint_bot/share/colcon-core/packages/waypoint_bot)
[6.306s] DEBUG:colcon.colcon_parallel_executor.executor.parallel:closing loop
[6.309s] DEBUG:colcon.colcon_parallel_executor.executor.parallel:loop closed
[6.310s] DEBUG:colcon.colcon_parallel_executor.executor.parallel:run_until_complete finished with '0'
[6.311s] DEBUG:colcon.colcon_core.event_reactor:joining thread
[6.339s] INFO:colcon.colcon_core.plugin_system:Skipping extension 'colcon_notification.desktop_notification.terminal_notifier': Not used on non-Darwin systems
[6.340s] INFO:colcon.colcon_core.plugin_system:Skipping extension 'colcon_notification.desktop_notification.win32': Not used on non-Windows systems
[6.340s] INFO:colcon.colcon_notification.desktop_notification:Sending desktop notification using 'notify2'
[6.390s] DEBUG:colcon.colcon_core.event_reactor:joined thread
[6.391s] INFO:colcon.colcon_core.shell:Creating prefix script '/home/vanand1/rover_sim/install/local_setup.sh'
[6.393s] INFO:colcon.colcon_core.shell:Creating prefix util module '/home/vanand1/rover_sim/install/_local_setup_util_sh.py'
[6.396s] INFO:colcon.colcon_core.shell:Creating prefix chain script '/home/vanand1/rover_sim/install/setup.sh'
[6.398s] INFO:colcon.colcon_core.shell:Creating prefix script '/home/vanand1/rover_sim/install/local_setup.bash'
[6.401s] INFO:colcon.colcon_core.shell:Creating prefix chain script '/home/vanand1/rover_sim/install/setup.bash'
[6.404s] INFO:colcon.colcon_core.shell:Creating prefix script '/home/vanand1/rover_sim/install/local_setup.zsh'
[6.405s] INFO:colcon.colcon_core.shell:Creating prefix chain script '/home/vanand1/rover_sim/install/setup.zsh'
